
2026-07-14T15:57:52+00:00 Startar uppdatering.
2026-07-14T15:57:52+00:00  OAuth används för Drive API och ändringskontroll.
2026-07-14T15:57:52+00:00  Hämtar VT.
2026-07-14T15:57:52+00:00   Inga Drive-ändringar för VT. VT.json lämnas oförändrad.
2026-07-14T15:57:52+00:00  Hämtar LOAH_26.
2026-07-14T15:57:52+00:00   Inga Drive-ändringar för LOAH_26. LOAH_26.json lämnas oförändrad.
2026-07-14T15:57:52+00:00  Hämtar LOAH_25.
2026-07-14T15:57:53+00:00   Inga Drive-ändringar för LOAH_25. LOAH_25.json lämnas oförändrad.
2026-07-14T15:57:53+00:00  Hämtar LOAH_24.
2026-07-14T15:57:53+00:00   Inga Drive-ändringar för LOAH_24. LOAH_24.json lämnas oförändrad.
2026-07-14T15:57:53+00:00  Hämtar LOAH_23.
2026-07-14T15:57:53+00:00   Inga Drive-ändringar för LOAH_23. LOAH_23.json lämnas oförändrad.
2026-07-14T15:57:53+00:00  Hämtar LOAH_22.
2026-07-14T15:57:54+00:00   Inga Drive-ändringar för LOAH_22. LOAH_22.json lämnas oförändrad.
2026-07-14T15:57:54+00:00  Hämtar LOAH_21.
2026-07-14T15:57:54+00:00   Inga Drive-ändringar för LOAH_21. LOAH_21.json lämnas oförändrad.
2026-07-14T15:57:54+00:00  Hämtar LOAH_20.
2026-07-14T15:57:54+00:00   Inga Drive-ändringar för LOAH_20. LOAH_20.json lämnas oförändrad.
2026-07-14T15:57:54+00:00  Hämtar LOAH_19.
2026-07-14T15:57:54+00:00   Inga Drive-ändringar för LOAH_19. LOAH_19.json lämnas oförändrad.
2026-07-14T15:57:54+00:00  Hämtar LOAH_18.
2026-07-14T15:57:55+00:00   Inga Drive-ändringar för LOAH_18. LOAH_18.json lämnas oförändrad.
2026-07-14T15:57:55+00:00  Hämtar LOAH_17.
2026-07-14T15:57:55+00:00   Inga Drive-ändringar för LOAH_17. LOAH_17.json lämnas oförändrad.
2026-07-14T15:57:55+00:00  Hämtar LOAH_16.
2026-07-14T15:57:55+00:00   Inga Drive-ändringar för LOAH_16. LOAH_16.json lämnas oförändrad.
2026-07-14T15:57:55+00:00  Hämtar LOAH_15.
2026-07-14T15:57:56+00:00   Inga Drive-ändringar för LOAH_15. LOAH_15.json lämnas oförändrad.
2026-07-14T15:57:56+00:00  Hämtar LOAH_14.
2026-07-14T15:57:56+00:00   Inga Drive-ändringar för LOAH_14. LOAH_14.json lämnas oförändrad.
2026-07-14T15:57:56+00:00  Hämtar LOAH_13.
2026-07-14T15:57:56+00:00   Inga Drive-ändringar för LOAH_13. LOAH_13.json lämnas oförändrad.
2026-07-14T15:57:56+00:00  Hämtar LOAH_12.
2026-07-14T15:57:56+00:00   Inga Drive-ändringar för LOAH_12. LOAH_12.json lämnas oförändrad.
2026-07-14T15:57:56+00:00  Hämtar LOAH_11.
2026-07-14T15:57:57+00:00   Inga Drive-ändringar för LOAH_11. LOAH_11.json lämnas oförändrad.
2026-07-14T15:57:57+00:00  Hämtar HELP.
2026-07-14T15:57:57+00:00   Inga Drive-ändringar för HELP. HELP.json lämnas oförändrad.
2026-07-14T15:57:57+00:00  Hämtar LOAH_0K.
2026-07-14T15:57:57+00:00   Inga Drive-ändringar för LOAH_0K. LOAH_0K.json lämnas oförändrad.
2026-07-14T15:57:57+00:00  Skapade photos.json med 66429 bilder.
2026-07-14T15:57:57+00:00 Uppdatering klar. 5.812 sekunder

2026-07-14T16:00:29+00:00 Startar uppdatering.
2026-07-14T16:00:30+00:00  OAuth används för Drive API och ändringskontroll.
2026-07-14T16:00:30+00:00  Hämtar VT.
2026-07-14T16:00:30+00:00   Inga Drive-ändringar för VT. VT.json lämnas oförändrad.
2026-07-14T16:00:30+00:00  Hämtar LOAH_26.
2026-07-14T16:00:30+00:00   Inga Drive-ändringar för LOAH_26. LOAH_26.json lämnas oförändrad.
2026-07-14T16:00:30+00:00  Hämtar LOAH_25.
2026-07-14T16:00:31+00:00   Inga Drive-ändringar för LOAH_25. LOAH_25.json lämnas oförändrad.
2026-07-14T16:00:31+00:00  Hämtar LOAH_24.
2026-07-14T16:00:31+00:00   Inga Drive-ändringar för LOAH_24. LOAH_24.json lämnas oförändrad.
2026-07-14T16:00:31+00:00  Hämtar LOAH_23.
2026-07-14T16:00:31+00:00   Inga Drive-ändringar för LOAH_23. LOAH_23.json lämnas oförändrad.
2026-07-14T16:00:31+00:00  Hämtar LOAH_22.
2026-07-14T16:00:32+00:00   Inga Drive-ändringar för LOAH_22. LOAH_22.json lämnas oförändrad.
2026-07-14T16:00:32+00:00  Hämtar LOAH_21.
2026-07-14T16:00:32+00:00   Inga Drive-ändringar för LOAH_21. LOAH_21.json lämnas oförändrad.
2026-07-14T16:00:32+00:00  Hämtar LOAH_20.
2026-07-14T16:00:32+00:00   Inga Drive-ändringar för LOAH_20. LOAH_20.json lämnas oförändrad.
2026-07-14T16:00:32+00:00  Hämtar LOAH_19.
2026-07-14T16:00:32+00:00   Inga Drive-ändringar för LOAH_19. LOAH_19.json lämnas oförändrad.
2026-07-14T16:00:32+00:00  Hämtar LOAH_18.
2026-07-14T16:00:33+00:00   Inga Drive-ändringar för LOAH_18. LOAH_18.json lämnas oförändrad.
2026-07-14T16:00:33+00:00  Hämtar LOAH_17.
2026-07-14T16:00:33+00:00   Inga Drive-ändringar för LOAH_17. LOAH_17.json lämnas oförändrad.
2026-07-14T16:00:33+00:00  Hämtar LOAH_16.
2026-07-14T16:00:33+00:00   Inga Drive-ändringar för LOAH_16. LOAH_16.json lämnas oförändrad.
2026-07-14T16:00:33+00:00  Hämtar LOAH_15.
2026-07-14T16:00:34+00:00   Inga Drive-ändringar för LOAH_15. LOAH_15.json lämnas oförändrad.
2026-07-14T16:00:34+00:00  Hämtar LOAH_14.
2026-07-14T16:00:34+00:00   Inga Drive-ändringar för LOAH_14. LOAH_14.json lämnas oförändrad.
2026-07-14T16:00:34+00:00  Hämtar LOAH_13.
2026-07-14T16:00:34+00:00   Inga Drive-ändringar för LOAH_13. LOAH_13.json lämnas oförändrad.
2026-07-14T16:00:34+00:00  Hämtar LOAH_12.
2026-07-14T16:00:35+00:00   Inga Drive-ändringar för LOAH_12. LOAH_12.json lämnas oförändrad.
2026-07-14T16:00:35+00:00  Hämtar LOAH_11.
2026-07-14T16:00:35+00:00   Inga Drive-ändringar för LOAH_11. LOAH_11.json lämnas oförändrad.
2026-07-14T16:00:35+00:00  Hämtar HELP.
2026-07-14T16:00:35+00:00   Inga Drive-ändringar för HELP. HELP.json lämnas oförändrad.
2026-07-14T16:00:35+00:00  Hämtar LOAH_0K.
2026-07-14T16:00:35+00:00   Inga Drive-ändringar för LOAH_0K. LOAH_0K.json lämnas oförändrad.
2026-07-14T16:00:36+00:00  Skapade photos.json med 66429 bilder.
2026-07-14T16:00:36+00:00 Uppdatering klar. 6.015 sekunder
